### 不同GC区别
通过运行GCLogAnalysis.java项目，可以看出在同样堆内存大小相同的场景下，各种GC的策略不同特性。
#### parallelGC
Java8默认的parallelGC，预期达到最高的吞吐量，即在时间段内，GC时间总耗时最低，但执行GC时可能会出现较长的停顿时间，适合于对响应延时不敏感的业务系统。在两次GC周期的间隔期，没有GC线程在运行，所以能达到更高的吞吐量。在堆内存较大时可能会出现出现长时间的fullGC
```
java -XX:+PrintGCDetails -Xmx1g -Xms1g -XX:+UseParallelGC GCLogAnalysis
[Full GC (Ergonomics) [PSYoungGen: 34729K->0K(232960K)] [ParOldGen: 609918K->347308K(699392K)] 644648K->347308K(932352K), [Metaspace: 2708K->2708K(1056768K)], 0.0619238 secs] [Times: user=0.34 sys=0.02, real=0.07 secs]

 java -XX:+PrintGCDetails -Xmx512m -Xms512m -XX:+UseParallelGC GCLogAnalysis
 [Full GC (Ergonomics) [PSYoungGen: 24853K->0K(116736K)] [ParOldGen: 330731K->321082K(349696K)] 355585K->321082K(466432K), [Metaspace: 2708K->2708K(1056768K)], 0.0458837 secs] [Times: user=0.28 sys=0.00, real=0.05 secs]
```

1G堆内存时出现了一次耗时0.34秒的fullGC,而在堆内存指定为512MB时，发生了较多次数的full gc，但是单次GC耗时更短。

#### CMS GC
CMSGC适合对响应时间的重要性需求大于对吞吐量的要求的场景。其新生代使用parNewGC进行垃圾回收，老年代使用CMSGC进行垃圾回收。
CMS GC分为6个阶段 初始标记、并发标记、并发预清理、最终标记、并发清理、并发重置
其中初始标记和最终标记两阶段需要STW
当老年代在进行垃圾回收时，也可以同时进行新生代的垃圾回收
```
[GC (CMS Initial Mark) [1 CMS-initial-mark: 367862K(699072K)] 408532K(1013632K), 0.0001989 secs] [Times: user=0.00 sys=0.00, real=0.00 secs] 
[CMS-concurrent-mark-start]
[CMS-concurrent-mark: 0.003/0.003 secs] [Times: user=0.00 sys=0.00, real=0.01 secs] 
[CMS-concurrent-preclean-start]
[CMS-concurrent-preclean: 0.001/0.001 secs] [Times: user=0.01 sys=0.00, real=0.00 secs] 
[CMS-concurrent-abortable-preclean-start]
[CMS-concurrent-abortable-preclean: 0.009/0.375 secs] [Times: user=1.58 sys=0.12, real=0.37 secs] 
[GC (CMS Final Remark) [YG occupancy: 40743 K (314560 K)][Rescan (parallel) , 0.0006845 secs][weak refs processing, 0.0000285 secs][class unloading, 0.0004123 secs][scrub symbol table, 0.0006583 secs][scrub string table, 0.0002067 secs][1 CMS-remark: 689133K(699072K)] 729876K(1013632K), 0.0022149 secs] [Times: user=0.00 sys=0.00, real=0.01 secs] 
[CMS-concurrent-sweep-start]
[CMS-concurrent-sweep: 0.001/0.001 secs] [Times: user=0.00 sys=0.00, real=0.00 secs] 
[CMS-concurrent-reset-start]
[CMS-concurrent-reset: 0.002/0.002 secs] [Times: user=0.00 sys=0.00, real=0.00 secs] 
```
#### G1 GC

G1GC是cmsGC的改进版本，是JDK9之后的默认GC。其设计思路是将STW停顿的时间和分布，变成可预期且可配置的。G1将堆内存划分为不同的小块，每次回收一部分内存块上的垃圾，这样有效避免了对大块内存进行垃圾回收时耗时过长的问题
可以通过配置MaxGCPauseMillis参数指定G1 每次执行 GC 操作的暂停时间，结合实验结果可以看到，配置该参数为1ms后，都没有出现超过1ms的暂停时间。
```
java -XX:+PrintGC -Xmx1g -Xms1g -XX:+UseG1GC GCLogAnalysis
[GC pause (G1 Evacuation Pause) (young) 826M->629M(1024M), 0.0143400 secs]
[GC pause (G1 Evacuation Pause) (mixed) 658M->538M(1024M), 0.0116498 secs]
[GC pause (G1 Evacuation Pause) (mixed) 596M->481M(1024M), 0.0106527 secs]
[GC pause (G1 Evacuation Pause) (mixed) 539M->476M(1024M), 0.0054273 secs]
[GC pause (G1 Humongous Allocation) (young) (initial-mark) 478M->476M(1024M), 0.0031068 secs]

java -XX:+PrintGC -Xmx1g -Xms1g -XX:+UseG1GC -XX:MaxGCPauseMillis=1 GCLogAnalysis 
[GC pause (G1 Evacuation Pause) (young) 496M->446M(1024M), 0.0040001 secs]
[GC pause (G1 Evacuation Pause) (mixed) 504M->435M(1024M), 0.0074503 secs]
[GC pause (G1 Evacuation Pause) (mixed) 491M->432M(1024M), 0.0048354 secs]
[GC pause (G1 Evacuation Pause) (mixed) 487M->437M(1024M), 0.0075538 secs]
[GC pause (G1 Humongous Allocation) (young) (initial-mark) 438M->436M(1024M), 0.0044768 secs]
```
### 堆内存总结
Java堆内存是Java内存管理的核心区域，所有的对象实例和数组都分配在堆内存上，堆内存也是gc垃圾回收的重点区域。启动参数中，通过Xmx和Xms配置堆内存的最大和初始大小，实际使用时建议将两个参数配置为相同数值，避免因为扩容不及时导致内存溢出。

因为大量对象都存在生存周期短暂的特点，所有Java对堆内存进行了分代处理。将堆内存划分为年轻代和老年代，年轻代上进行代价较小的young GC，老年代上进行full GC，通常情况下，我们要避免fullGC的频繁发生。参数MaxTenuringThreshold可以设置对象经历多少次垃圾回收还未消亡后将被放入old区，默认为15次。

年轻代又分为Eden区和两块survivor区，new的对象先放伊甸园区，此区有大小限制。当伊甸园的空间填满时，程序又需要创建对象，JVM的垃圾回收器将伊甸园区进行垃圾回收（Minor GC），将伊甸园区中的不再被其他对象所引用的对象进行销毁。在加载新的对象放到伊甸园区，然后将伊甸园中的剩余对象移动到幸存者0区。如果再次触发垃圾回收，此时上次幸存下来的放到幸存者0区，如果没有回收，就会放到幸存者1区。